// Jest Snapshot v1, https://goo.gl/fbAQLP

exports[`renders LandingPage snapshot 1`] = `
<div>
  <div>
    <div>
      HelloWorld
    </div>
  </div>
</div>
`;
