// Jest Snapshot v1, https://goo.gl/fbAQLP

exports[`renders HelloWorld component correctly 1`] = `
<div>
  HelloWorld
</div>
`;
